// Jest Snapshot v1, https://goo.gl/fbAQLP

exports[`Eligibility-criteria.js matches snapshot 1`] = `
<section
  data-testid="eligibility"
  id="eligibility"
>
  <div
    className="react-reveal row"
    style={
      Object {
        "opacity": undefined,
      }
    }
  >
    <h4
      className="react-reveal"
      style={
        Object {
          "opacity": undefined,
        }
      }
    >
      ELIGIBILITY CRITERIA
    </h4>
    <div
      className="twelve columns collapsed"
    >
      <div
        className="bgrid-quarters s-bgrid-thirds cf"
      >
        <ol>
          <li>
            Quick learner
          </li>
          <p>
            You should be comfortable with a fast pace. Since we do not provide classroom training, our pace can seem fast for most trainees.
          </p>
          <li>
            Self starter
          </li>
          <p>
            Doing a project on your own interest is a good indicator that you will be able to complete the training program.
          </p>
          <li>
            Demoable work
          </li>
           
          <p>
            You should have a GitHub profile or a project video for hardware projects.
          </p>
          <li>
            Recent graduate
          </li>
           
          <p>
            This program is available only to 2020 and 2021 graduates.
          </p>
        </ol>
      </div>
    </div>
  </div>
</section>
`;
