// Jest Snapshot v1, https://goo.gl/fbAQLP

exports[`Apply.js matches snapshot 1`] = `
<section
  data-testid="apply"
  id="apply"
>
  <div
    className="row education"
  >
    <div
      className="eight columns header-col"
    >
      <h1>
        <span>
          Apply Here
        </span>
      </h1>
    </div>
    <div
      className="nine columns main-col"
    >
      <div
        className="row item"
      />
    </div>
  </div>
  <div
    className="row work"
    data-testid="form"
  >
    <div
      className="twelve columns header-col"
    >
      <form
        onSubmit={[Function]}
      >
        <label>
          Name 
          <span
            className="required"
          >
            *
          </span>
          <input
            className="input-text form-control form-control-lg"
            data-testid="name"
            id="Name"
            onChange={[Function]}
            type="text"
            value=""
          />
        </label>
        <label>
          Email 
          <span
            className="required"
          >
            *
          </span>
          <input
            className="input-text"
            data-testid="email"
            id="Email"
            onChange={[Function]}
            type="text"
            value=""
          />
        </label>
        <label>
          Enter all your education detail expanding the Education
          <span
            className="required"
          >
            *
          </span>
        </label>
        <div
          className="Collapsible"
        >
          <span
            className="Collapsible__trigger is-closed"
            onClick={[Function]}
            onKeyPress={[Function]}
            style={null}
            tabIndex={null}
          >
            <a
              href=""
            >
              Education
            </a>
          </span>
          <div
            className="Collapsible__contentOuter"
            hidden={false}
            onTransitionEnd={[Function]}
            style={
              Object {
                "WebkitTransition": "height 400ms linear",
                "height": 0,
                "msTransition": "height 400ms linear",
                "overflow": "hidden",
                "transition": "height 400ms linear",
              }
            }
          >
            <div
              className="Collapsible__contentInner"
            >
              <div
                style={
                  Object {
                    "display": "flex",
                    "flexDirection": "column",
                    "padding": 15,
                  }
                }
              >
                <label>
                  College
                  <span
                    className="required"
                  >
                    *
                  </span>
                </label>
                <input
                  className="input-text"
                  data-testid="college"
                  id="education_college"
                  onChange={[Function]}
                  type="text"
                  value=""
                />
                <label>
                  Course
                  <span
                    className="required"
                  >
                    *
                  </span>
                </label>
                <input
                  className="input-text"
                  data-testid="course"
                  id="education_course"
                  onChange={[Function]}
                  type="text"
                  value=""
                />
                <label>
                  Branch
                  <span
                    className="required"
                  >
                    *
                  </span>
                </label>
                <input
                  className="input-text"
                  data-testid="branch"
                  id="education_branch"
                  onChange={[Function]}
                  type="text"
                  value=""
                />
                <label
                  data-testid="year"
                >
                  year of pass out
                  <span
                    className="required"
                  >
                    *
                  </span>
                </label>
                <div
                  className="react-datepicker-wrapper"
                >
                  <div
                    className="react-datepicker__input-container"
                  >
                    <input
                      className="input-text"
                      disabled={false}
                      id="education_year"
                      onBlur={[Function]}
                      onChange={[Function]}
                      onClick={[Function]}
                      onFocus={[Function]}
                      onKeyDown={[Function]}
                      placeholder="Select Year"
                      readOnly={false}
                      type="text"
                      value="2021"
                    />
                  </div>
                </div>
                <span
                  style={
                    Object {
                      "color": "red",
                      "fontWeight": "bold",
                    }
                  }
                />
              </div>
            </div>
          </div>
        </div>
        <label>
          A little bit about yourself 
          <span
            className="required"
          >
            *
          </span>
          <textarea
            className="input-text"
            data-testid="personalInfo"
            id="personalInfo"
            onChange={[Function]}
            type="text"
            value=""
          />
        </label>
        <label>
          Have you done any projects outside of college? 
          <span
            className="required"
          >
            *
          </span>
          <br />
          <div
            onChange={[Function]}
          >
            <label>
              <input
                name="college-projects"
                type="radio"
                value="yes"
              />
                Yes
            </label>
            <label>
              <input
                name="college-projects"
                type="radio"
                value="no"
              />
               
                No
            </label>
          </div>
          <br />
        </label>
        <label>
          LinkedIn profile 
          <span
            className="required"
          >
            *
          </span>
          <input
            className="input-text"
            data-testid="linkedIn"
            id="linkedIn"
            onChange={[Function]}
            type="text"
            value=""
          />
        </label>
        <label>
          What do you know about testing? 
          <span
            className="required"
          >
            *
          </span>
          <textarea
            className="input-text"
            data-testid="testing"
            id="testing-knowledge"
            onChange={[Function]}
            type="text"
            value=""
          />
        </label>
        <label>
          Would you like to start your career in software testing? Why or why not?
          <span
            className="required"
          >
            *
          </span>
          <textarea
            className="input-text"
            data-testid="likeToTesting"
            id="software-testing"
            onChange={[Function]}
            type="text"
            value=""
          />
        </label>
        <label
          data-testid="programs"
          htmlfor="selectId"
          style={
            Object {
              "width": "fit-content",
            }
          }
        >
          <label
            htmlFor="programs"
          >
            Level of programming 
            <span
              className="required"
            >
              *
            </span>
          </label>
          <select
            data-testid="select"
            defaultValue="Select...."
            id="selectId"
            onChange={[Function]}
          >
            <option
              data-testid="select-option"
              value="beginner"
            >
              Beginner
            </option>
            <option
              data-testid="select-option"
              value="intermediate"
            >
              Intermediate
            </option>
            <option
              data-testid="select-option"
              value="expert"
            >
              Expert
            </option>
          </select>
        </label>
        <label>
          What languages do you code in? 
          <span
            className="required"
          >
            *
          </span>
          <input
            className="input-text"
            data-testid="programmingLang"
            id="languages"
            onChange={[Function]}
            type="text"
            value=""
          />
        </label>
        <label>
          How did you find out about us? 
          <span
            className="required"
          >
            *
          </span>
          <input
            className="input-text"
            data-testid="findUs"
            id="find-us"
            onChange={[Function]}
            type="text"
            value=""
          />
        </label>
        <label>
          What are you looking for from this program? (max 100 chars)
          <span
            className="required"
          >
            *
          </span>
          <input
            className="input-text"
            data-testid="lookingFor"
            id="looking-for"
            onChange={[Function]}
            type="text"
            value=""
          />
        </label>
        <label>
          What are your technical interests? 
          <span
            className="required"
          >
            *
          </span>
          <input
            className="input-text"
            data-testid="techInterest"
            id="technical-interest"
            onChange={[Function]}
            type="text"
            value=""
          />
        </label>
        <label>
          Do you understand that:
        </label>
        <div>
          <label
            className="container"
            data-testid="check1"
          >
            fully remote
             
            <input
              id="check1"
              onChange={[Function]}
              type="checkbox"
            />
             
            <span
              className="required"
            >
              *
            </span>
            <span
              className="checkmark"
            />
          </label>
          <label
            className="container"
            data-testid="check2"
          >
             
            not for everyone
             
            <input
              id="check2"
              onChange={[Function]}
              type="checkbox"
            />
             
            <span
              className="required"
            >
              *
            </span>
            <span
              className="checkmark"
            />
          </label>
          <label
            className="container"
            data-testid="check3"
          >
             
            fast paced
             
            <input
              id="check3"
              onChange={[Function]}
              type="checkbox"
            />
             
            <span
              className="required"
            >
              *
            </span>
            <span
              className="checkmark"
            />
          </label>
          <label
            className="container"
            data-testid="check4"
          >
             
            no placement guarantee
             
            <input
              id="check4"
              onChange={[Function]}
              type="checkbox"
            />
             
            <span
              className="required"
            >
              *
            </span>
            <span
              className="checkmark"
            />
          </label>
          <label
            className="container"
            data-testid="check5"
          >
             
            no money back
             
            <input
              id="check5"
              onChange={[Function]}
              type="checkbox"
            />
             
            <span
              className="required"
            >
              *
            </span>
            <span
              className="checkmark"
            />
          </label>
        </div>
        <span
          className="required"
        >
          please fill all the required* fields(min 4 characters each) to submit your application 
          <br />
           
        </span>
        <input
          className="disabled"
          data-testid="submit"
          disabled={true}
          style={
            Object {
              "borderRadius": 5,
              "marginTop": 10,
              "padding": 4,
              "width": 100,
            }
          }
          type="submit"
          value="submit"
        />
      </form>
    </div>
  </div>
</section>
`;
