// Jest Snapshot v1, https://goo.gl/fbAQLP

exports[`Program-details.js matches snapshot 1`] = `
<section
  data-testid="program"
  id="program"
>
  <div
    className="react-reveal row"
    style={
      Object {
        "opacity": undefined,
      }
    }
  >
    <h4
      className="react-reveal"
      style={
        Object {
          "opacity": undefined,
        }
      }
    >
      PROGRAM DETAILS
    </h4>
    <div
      className="twelve columns collapsed"
    >
      <div
        className="bgrid-quarters s-bgrid-thirds cf"
      >
        <ol>
          <li>
            Duration: 3-months
          </li>
          <p>
            This is an intense 3-month program. We will be giving you hands-on experience testing a real product.
          </p>
          <li>
            Time commitment: 9-hours/day
          </li>
          <p>
            You need to be available from 10 am to 7 pm every day.
          </p>
          <li>
            5 days a week
          </li>
          <p>
            You are expected to work Mon-Fri every week.
          </p>
          <li>
            Fully remote
          </li>
          <p>
            The training is completely remote. You will not have any classroom training.
          </p>
          <li>
            Toolbelt: Industry standard tools
          </li>
          <p>
            Python and/or JavaScript, Selenium and/or Cypress and/or TestCafe, Jira, ReportPortal, BrowserStack, APIs, Postman, git, git, GitHub, GitHub Actions, etc.
          </p>
          <li>
            Pricing
          </li>
          <p>
            The program costs INR 15,000 for the entire three month duration. The payment will happen at the start of the course and there are no refunds.
          </p>
        </ol>
      </div>
    </div>
  </div>
</section>
`;
