// Jest Snapshot v1, https://goo.gl/fbAQLP

exports[`Program-details.js matches snapshot 1`] = `
<section
  data-testid="program"
  id="program"
>
  <div
    className="react-reveal row education"
    style={
      Object {
        "opacity": undefined,
      }
    }
  >
    <div
      className="eight columns header-col"
    >
      <h1>
        <span>
          Program Details
        </span>
      </h1>
    </div>
    <div
      className="nine columns main-col"
    >
      <div
        className="row item"
      />
    </div>
  </div>
  <div
    className="react-reveal row work"
    style={
      Object {
        "opacity": undefined,
      }
    }
  >
    <div
      className="twelve columns header-col"
    >
      <h1>
        <ul>
          <li>
            3-months
          </li>
          <li>
            9-hours/day
          </li>
          <li>
            5 days a week
          </li>
          <li>
            Fully remote
          </li>
          <li>
            Pricing
          </li>
        </ul>
      </h1>
    </div>
  </div>
</section>
`;
